------------------------------------------------------------
Timing Analyzer Summary
------------------------------------------------------------

Type  : Slow 1200mV 85C Model Setup 'MAX10_CLK1_50'
Slack : -2.205
TNS   : -34.093

Type  : Slow 1200mV 85C Model Setup 'DIV_CLK:inst1|lpm_counter:LPM_COUNTER_component|cntr_j5h:auto_generated|counter_reg_bit[24]'
Slack : -1.901
TNS   : -42.027

Type  : Slow 1200mV 85C Model Hold 'DIV_CLK:inst1|lpm_counter:LPM_COUNTER_component|cntr_j5h:auto_generated|counter_reg_bit[24]'
Slack : 0.290
TNS   : 0.000

Type  : Slow 1200mV 85C Model Hold 'MAX10_CLK1_50'
Slack : 0.498
TNS   : 0.000

Type  : Slow 1200mV 85C Model Minimum Pulse Width 'MAX10_CLK1_50'
Slack : -3.000
TNS   : -38.075

Type  : Slow 1200mV 85C Model Minimum Pulse Width 'DIV_CLK:inst1|lpm_counter:LPM_COUNTER_component|cntr_j5h:auto_generated|counter_reg_bit[24]'
Slack : -2.422
TNS   : -62.337

Type  : Slow 1200mV 0C Model Setup 'MAX10_CLK1_50'
Slack : -1.876
TNS   : -28.286

Type  : Slow 1200mV 0C Model Setup 'DIV_CLK:inst1|lpm_counter:LPM_COUNTER_component|cntr_j5h:auto_generated|counter_reg_bit[24]'
Slack : -1.670
TNS   : -36.762

Type  : Slow 1200mV 0C Model Hold 'DIV_CLK:inst1|lpm_counter:LPM_COUNTER_component|cntr_j5h:auto_generated|counter_reg_bit[24]'
Slack : 0.287
TNS   : 0.000

Type  : Slow 1200mV 0C Model Hold 'MAX10_CLK1_50'
Slack : 0.446
TNS   : 0.000

Type  : Slow 1200mV 0C Model Minimum Pulse Width 'MAX10_CLK1_50'
Slack : -3.000
TNS   : -38.075

Type  : Slow 1200mV 0C Model Minimum Pulse Width 'DIV_CLK:inst1|lpm_counter:LPM_COUNTER_component|cntr_j5h:auto_generated|counter_reg_bit[24]'
Slack : -2.333
TNS   : -60.201

Type  : Fast 1200mV 0C Model Setup 'MAX10_CLK1_50'
Slack : -0.843
TNS   : -1.507

Type  : Fast 1200mV 0C Model Setup 'DIV_CLK:inst1|lpm_counter:LPM_COUNTER_component|cntr_j5h:auto_generated|counter_reg_bit[24]'
Slack : -0.280
TNS   : -5.880

Type  : Fast 1200mV 0C Model Hold 'DIV_CLK:inst1|lpm_counter:LPM_COUNTER_component|cntr_j5h:auto_generated|counter_reg_bit[24]'
Slack : 0.109
TNS   : 0.000

Type  : Fast 1200mV 0C Model Hold 'MAX10_CLK1_50'
Slack : 0.182
TNS   : 0.000

Type  : Fast 1200mV 0C Model Minimum Pulse Width 'MAX10_CLK1_50'
Slack : -3.000
TNS   : -28.944

Type  : Fast 1200mV 0C Model Minimum Pulse Width 'DIV_CLK:inst1|lpm_counter:LPM_COUNTER_component|cntr_j5h:auto_generated|counter_reg_bit[24]'
Slack : -1.000
TNS   : -27.000

------------------------------------------------------------
